// Vitest Snapshot v1, https://vitest.dev/guide/snapshot.html

exports[`arrangements > AC-S2-4: preset silhouettes are stable for 1, 2, 4, 7 nodes 1`] = `
{
  "fanout/1": [
    {
      "h": 800,
      "w": 1200,
      "x": 0,
      "y": 0,
    },
  ],
  "fanout/2": [
    {
      "h": 800,
      "w": 592,
      "x": 0,
      "y": 0,
    },
    {
      "h": 800,
      "w": 592,
      "x": 608,
      "y": 0,
    },
  ],
  "fanout/4": [
    {
      "h": 800,
      "w": 592,
      "x": 0,
      "y": 0,
    },
    {
      "h": 256,
      "w": 592,
      "x": 608,
      "y": 0,
    },
    {
      "h": 256,
      "w": 592,
      "x": 608,
      "y": 272,
    },
    {
      "h": 256,
      "w": 592,
      "x": 608,
      "y": 544,
    },
  ],
  "fanout/7": [
    {
      "h": 800,
      "w": 592,
      "x": 0,
      "y": 0,
    },
    {
      "h": 147,
      "w": 288,
      "x": 608,
      "y": 0,
    },
    {
      "h": 147,
      "w": 288,
      "x": 912,
      "y": 0,
    },
    {
      "h": 147,
      "w": 288,
      "x": 608,
      "y": 163,
    },
    {
      "h": 147,
      "w": 288,
      "x": 912,
      "y": 163,
    },
    {
      "h": 147,
      "w": 288,
      "x": 608,
      "y": 326,
    },
    {
      "h": 147,
      "w": 288,
      "x": 912,
      "y": 326,
    },
  ],
  "pipeline/1": [
    {
      "h": 800,
      "w": 1200,
      "x": 0,
      "y": 0,
    },
  ],
  "pipeline/2": [
    {
      "h": 800,
      "w": 592,
      "x": 0,
      "y": 0,
    },
    {
      "h": 800,
      "w": 592,
      "x": 608,
      "y": 0,
    },
  ],
  "pipeline/4": [
    {
      "h": 800,
      "w": 288,
      "x": 0,
      "y": 0,
    },
    {
      "h": 800,
      "w": 288,
      "x": 304,
      "y": 0,
    },
    {
      "h": 800,
      "w": 288,
      "x": 608,
      "y": 0,
    },
    {
      "h": 800,
      "w": 288,
      "x": 912,
      "y": 0,
    },
  ],
  "pipeline/7": [
    {
      "h": 392,
      "w": 187,
      "x": 0,
      "y": 0,
    },
    {
      "h": 392,
      "w": 187,
      "x": 203,
      "y": 0,
    },
    {
      "h": 392,
      "w": 187,
      "x": 405,
      "y": 0,
    },
    {
      "h": 392,
      "w": 187,
      "x": 608,
      "y": 0,
    },
    {
      "h": 392,
      "w": 187,
      "x": 811,
      "y": 0,
    },
    {
      "h": 392,
      "w": 187,
      "x": 1013,
      "y": 0,
    },
    {
      "h": 392,
      "w": 187,
      "x": 0,
      "y": 408,
    },
  ],
  "swarm/1": [
    {
      "h": 800,
      "w": 1200,
      "x": 0,
      "y": 0,
    },
  ],
  "swarm/2": [
    {
      "h": 800,
      "w": 592,
      "x": 0,
      "y": 0,
    },
    {
      "h": 800,
      "w": 592,
      "x": 608,
      "y": 0,
    },
  ],
  "swarm/4": [
    {
      "h": 392,
      "w": 592,
      "x": 0,
      "y": 0,
    },
    {
      "h": 392,
      "w": 592,
      "x": 608,
      "y": 0,
    },
    {
      "h": 392,
      "w": 592,
      "x": 0,
      "y": 408,
    },
    {
      "h": 392,
      "w": 592,
      "x": 608,
      "y": 408,
    },
  ],
  "swarm/7": [
    {
      "h": 256,
      "w": 389,
      "x": 0,
      "y": 0,
    },
    {
      "h": 256,
      "w": 389,
      "x": 405,
      "y": 0,
    },
    {
      "h": 256,
      "w": 389,
      "x": 811,
      "y": 0,
    },
    {
      "h": 256,
      "w": 389,
      "x": 0,
      "y": 272,
    },
    {
      "h": 256,
      "w": 389,
      "x": 405,
      "y": 272,
    },
    {
      "h": 256,
      "w": 389,
      "x": 811,
      "y": 272,
    },
    {
      "h": 256,
      "w": 389,
      "x": 0,
      "y": 544,
    },
  ],
  "watchers/1": [
    {
      "h": 800,
      "w": 1200,
      "x": 0,
      "y": 0,
    },
  ],
  "watchers/2": [
    {
      "h": 392,
      "w": 1200,
      "x": 0,
      "y": 0,
    },
    {
      "h": 392,
      "w": 1200,
      "x": 0,
      "y": 408,
    },
  ],
  "watchers/4": [
    {
      "h": 392,
      "w": 1200,
      "x": 0,
      "y": 0,
    },
    {
      "h": 392,
      "w": 389,
      "x": 0,
      "y": 408,
    },
    {
      "h": 392,
      "w": 389,
      "x": 405,
      "y": 408,
    },
    {
      "h": 392,
      "w": 389,
      "x": 811,
      "y": 408,
    },
  ],
  "watchers/7": [
    {
      "h": 392,
      "w": 1200,
      "x": 0,
      "y": 0,
    },
    {
      "h": 392,
      "w": 187,
      "x": 0,
      "y": 408,
    },
    {
      "h": 392,
      "w": 187,
      "x": 203,
      "y": 408,
    },
    {
      "h": 392,
      "w": 187,
      "x": 405,
      "y": 408,
    },
    {
      "h": 392,
      "w": 187,
      "x": 608,
      "y": 408,
    },
    {
      "h": 392,
      "w": 187,
      "x": 811,
      "y": 408,
    },
    {
      "h": 392,
      "w": 187,
      "x": 1013,
      "y": 408,
    },
  ],
}
`;
